Traceback (most recent call last):
  File "/storage/slurm/home/68070701603@cpe.kmutt.ac.th/deep_learning/src/lab4_part1_1.py", line 4, in <module>
    df = pd.read_csv('../data/UTF-8_insurance_charges.csv')
         ^^^^^^^^^^^^^^^^^^^^^^^^^^^^^^^^^^^^^^^^^^^^^^^^^^
  File "/storage/slurm/home/68070701603@cpe.kmutt.ac.th/deep_learning/env_dl/lib/python3.12/site-packages/pandas/io/parsers/readers.py", line 873, in read_csv
    return _read(filepath_or_buffer, kwds)
           ^^^^^^^^^^^^^^^^^^^^^^^^^^^^^^^
  File "/storage/slurm/home/68070701603@cpe.kmutt.ac.th/deep_learning/env_dl/lib/python3.12/site-packages/pandas/io/parsers/readers.py", line 300, in _read
    parser = TextFileReader(filepath_or_buffer, **kwds)
             ^^^^^^^^^^^^^^^^^^^^^^^^^^^^^^^^^^^^^^^^^^
  File "/storage/slurm/home/68070701603@cpe.kmutt.ac.th/deep_learning/env_dl/lib/python3.12/site-packages/pandas/io/parsers/readers.py", line 1645, in __init__
    self._engine = self._make_engine(f, self.engine)
                   ^^^^^^^^^^^^^^^^^^^^^^^^^^^^^^^^^
  File "/storage/slurm/home/68070701603@cpe.kmutt.ac.th/deep_learning/env_dl/lib/python3.12/site-packages/pandas/io/parsers/readers.py", line 1904, in _make_engine
    self.handles = get_handle(
                   ^^^^^^^^^^^
  File "/storage/slurm/home/68070701603@cpe.kmutt.ac.th/deep_learning/env_dl/lib/python3.12/site-packages/pandas/io/common.py", line 930, in get_handle
    handle = open(
             ^^^^^
FileNotFoundError: [Errno 2] No such file or directory: '../data/UTF-8_insurance_charges.csv'
